// Jest Snapshot v1, https://goo.gl/fbAQLP

exports[`Error matches snapshot 1`] = `
<div>
  <div
    class="sc-beqWaB eoxPnZ"
  >
    <span
      class="octicon octicon-stop"
      data-testid="stop-icon"
      style="font-size: 48px; color: red;"
    />
    <p
      class="sc-gueYoa dDXANv"
    >
      Something went wrong! Please try again later.
    </p>
  </div>
</div>
`;
