// Jest Snapshot v1, https://goo.gl/fbAQLP

exports[`GistList matches snapshot 1`] = `
<div>
  <div
    class="sc-irTswW eiEcqt"
  >
    <div
      class="sc-fsQiph hGyyWv"
    >
      <div
        class="sc-hLseeU BbBzW"
      >
        <div
          class="sc-eDDNvR idlsVM"
        >
          <img
            class="sc-jTrPJq dYZuXy"
            src="https://example.com/avatar1.jpg"
          />
          <a
            class="sc-gLDzan dAgnKx"
          >
            user1
          </a>
        </div>
        <div
          class="sc-iAEyYk fIvPjx"
        >
          <div
            class="sc-gueYoa cHbybZ"
            style="margin-right: 16px;"
          >
            <span
              class="octicon octicon-code"
              data-testid="icon"
              style="color: rgb(63, 132, 228); font-size: 16px; font-weight: 500;"
            />
            <a
              class="sc-dmqHEX lmtyIK"
            >
              0 Files
            </a>
          </div>
          <div
            class="sc-gueYoa cHbybZ"
            style="margin-right: 16px;"
          >
            <span
              class="octicon octicon-repo-forked"
              data-testid="icon"
              style="color: rgb(63, 132, 228); font-size: 16px; font-weight: 500;"
            />
            <a
              class="sc-dmqHEX lmtyIK"
            >
              Forks
            </a>
          </div>
          <div
            class="sc-gueYoa cHbybZ"
            style="margin-right: 16px;"
          >
            <span
              class="octicon octicon-comment"
              data-testid="icon"
              style="color: rgb(63, 132, 228); font-size: 16px; font-weight: 500;"
            />
            <a
              class="sc-dmqHEX lmtyIK"
            >
              Comments
            </a>
          </div>
          <div
            class="sc-gueYoa cHbybZ"
          >
            <span
              class="octicon octicon-star"
              data-testid="icon"
              style="color: rgb(63, 132, 228); font-size: 16px; font-weight: 500;"
            />
            <a
              class="sc-dmqHEX lmtyIK"
            >
              Stars
            </a>
          </div>
        </div>
      </div>
      <div
        class="sc-qRumB ftafra"
      >
        <p
          class="sc-beqWaB yDHQF"
        >
          <span>
            Created at: 
          </span>
          <span>
            NaN/NaN/NaN
          </span>
        </p>
        <p
          class="sc-beqWaB yDHQF"
          style="margin-left: 16px;"
        >
          <span>
            Last updated: 
          </span>
          <span>
            NaN/NaN/NaN
          </span>
        </p>
      </div>
      <p
        class="sc-kFuwaP hgxAcK"
      >
        Gist 1
      </p>
      <div
        class="sc-qRumB sc-jsMahE ftafra dTKjie"
      />
    </div>
    <div
      class="sc-fsQiph hGyyWv"
    >
      <div
        class="sc-hLseeU BbBzW"
      >
        <div
          class="sc-eDDNvR idlsVM"
        >
          <img
            class="sc-jTrPJq dYZuXy"
            src="https://example.com/avatar2.jpg"
          />
          <a
            class="sc-gLDzan dAgnKx"
          >
            user2
          </a>
        </div>
        <div
          class="sc-iAEyYk fIvPjx"
        >
          <div
            class="sc-gueYoa cHbybZ"
            style="margin-right: 16px;"
          >
            <span
              class="octicon octicon-code"
              data-testid="icon"
              style="color: rgb(63, 132, 228); font-size: 16px; font-weight: 500;"
            />
            <a
              class="sc-dmqHEX lmtyIK"
            >
              0 Files
            </a>
          </div>
          <div
            class="sc-gueYoa cHbybZ"
            style="margin-right: 16px;"
          >
            <span
              class="octicon octicon-repo-forked"
              data-testid="icon"
              style="color: rgb(63, 132, 228); font-size: 16px; font-weight: 500;"
            />
            <a
              class="sc-dmqHEX lmtyIK"
            >
              Forks
            </a>
          </div>
          <div
            class="sc-gueYoa cHbybZ"
            style="margin-right: 16px;"
          >
            <span
              class="octicon octicon-comment"
              data-testid="icon"
              style="color: rgb(63, 132, 228); font-size: 16px; font-weight: 500;"
            />
            <a
              class="sc-dmqHEX lmtyIK"
            >
              Comments
            </a>
          </div>
          <div
            class="sc-gueYoa cHbybZ"
          >
            <span
              class="octicon octicon-star"
              data-testid="icon"
              style="color: rgb(63, 132, 228); font-size: 16px; font-weight: 500;"
            />
            <a
              class="sc-dmqHEX lmtyIK"
            >
              Stars
            </a>
          </div>
        </div>
      </div>
      <div
        class="sc-qRumB ftafra"
      >
        <p
          class="sc-beqWaB yDHQF"
        >
          <span>
            Created at: 
          </span>
          <span>
            NaN/NaN/NaN
          </span>
        </p>
        <p
          class="sc-beqWaB yDHQF"
          style="margin-left: 16px;"
        >
          <span>
            Last updated: 
          </span>
          <span>
            NaN/NaN/NaN
          </span>
        </p>
      </div>
      <p
        class="sc-kFuwaP hgxAcK"
      >
        Gist 2
      </p>
      <div
        class="sc-qRumB sc-jsMahE ftafra dTKjie"
      />
    </div>
  </div>
</div>
`;
